[    0.000000] Linux version 4.15.0-192-generic (buildd@lcy02-amd64-029) (gcc version 7.5.0 (Ubuntu 7.5.0-3ubuntu1~18.04)) #203-Ubuntu SMP Wed Aug 10 17:40:03 UTC 2022 (Ubuntu 4.15.0-192.203-generic 4.15.18)
[    0.000000] Command line: BOOT_IMAGE=/boot/vmlinuz-4.15.0-192-generic root=LABEL=cloudimg-rootfs ro console=tty1 console=ttyS0
[    0.000000] KERNEL supported cpus:
[    0.000000]   Intel GenuineIntel
[    0.000000]   AMD AuthenticAMD
[    0.000000]   Centaur CentaurHauls
[    0.000000] x86/fpu: Supporting XSAVE feature 0x001: 'x87 floating point registers'
[    0.000000] x86/fpu: Supporting XSAVE feature 0x002: 'SSE registers'
[    0.000000] x86/fpu: Supporting XSAVE feature 0x004: 'AVX registers'
[    0.000000] x86/fpu: xstate_offset[2]:  576, xstate_sizes[2]:  256
[    0.000000] x86/fpu: Enabled xstate features 0x7, context size is 832 bytes, using 'standard' format.
[    0.000000] e820: BIOS-provided physical RAM map:
[    0.000000] BIOS-e820: [mem 0x0000000000000000-0x000000000009fbff] usable
[    0.000000] BIOS-e820: [mem 0x000000000009fc00-0x000000000009ffff] reserved
[    0.000000] BIOS-e820: [mem 0x00000000000f0000-0x00000000000fffff] reserved
[    0.000000] BIOS-e820: [mem 0x0000000000100000-0x000000003ffeffff] usable
[    0.000000] BIOS-e820: [mem 0x000000003fff0000-0x000000003fffffff] ACPI data
[    0.000000] BIOS-e820: [mem 0x00000000fec00000-0x00000000fec00fff] reserved
[    0.000000] BIOS-e820: [mem 0x00000000fee00000-0x00000000fee00fff] reserved
[    0.000000] BIOS-e820: [mem 0x00000000fffc0000-0x00000000ffffffff] reserved
[    0.000000] NX (Execute Disable) protection: active
[    0.000000] SMBIOS 2.5 present.
[    0.000000] DMI: innotek GmbH VirtualBox/VirtualBox, BIOS VirtualBox 12/01/2006
[    0.000000] Hypervisor detected: KVM
[    0.000000] e820: last_pfn = 0x3fff0 max_arch_pfn = 0x400000000
[    0.000000] MTRR: Disabled
[    0.000000] x86/PAT: MTRRs disabled, skipping PAT initialization too.
[    0.000000] CPU MTRRs all blank - virtualized system.
[    0.000000] x86/PAT: Configuration [0-7]: WB  WT  UC- UC  WB  WT  UC- UC  
[    0.000000] found SMP MP-table at [mem 0x0009fff0-0x0009ffff]
[    0.000000] Scanning 1 areas for low memory corruption
[    0.000000] RAMDISK: [mem 0x359cb000-0x36cdcfff]
[    0.000000] ACPI: Early table checksum verification disabled
[    0.000000] ACPI: RSDP 0x00000000000E0000 000024 (v02 VBOX  )
[    0.000000] ACPI: XSDT 0x000000003FFF0030 00003C (v01 VBOX   VBOXXSDT 00000001 ASL  00000061)
[    0.000000] ACPI: FACP 0x000000003FFF00F0 0000F4 (v04 VBOX   VBOXFACP 00000001 ASL  00000061)
[    0.000000] ACPI: DSDT 0x000000003FFF0470 002325 (v02 VBOX   VBOXBIOS 00000002 INTL 20120111)
[    0.000000] ACPI: FACS 0x000000003FFF0200 000040
[    0.000000] ACPI: FACS 0x000000003FFF0200 000040
[    0.000000] ACPI: APIC 0x000000003FFF0240 00005C (v02 VBOX   VBOXAPIC 00000001 ASL  00000061)
[    0.000000] ACPI: SSDT 0x000000003FFF02A0 0001CC (v01 VBOX   VBOXCPUT 00000002 INTL 20120111)
[    0.000000] ACPI: Reserving FACP table memory at [mem 0x3fff00f0-0x3fff01e3]
[    0.000000] ACPI: Reserving DSDT table memory at [mem 0x3fff0470-0x3fff2794]
[    0.000000] ACPI: Reserving FACS table memory at [mem 0x3fff0200-0x3fff023f]
[    0.000000] ACPI: Reserving FACS table memory at [mem 0x3fff0200-0x3fff023f]
[    0.000000] ACPI: Reserving APIC table memory at [mem 0x3fff0240-0x3fff029b]
[    0.000000] ACPI: Reserving SSDT table memory at [mem 0x3fff02a0-0x3fff046b]
[    0.000000] No NUMA configuration found
[    0.000000] Faking a node at [mem 0x0000000000000000-0x000000003ffeffff]
[    0.000000] NODE_DATA(0) allocated [mem 0x3ffc5000-0x3ffeffff]
[    0.000000] kvm-clock: cpu 0, msr 0:3ff44001, primary cpu clock
[    0.000000] kvm-clock: Using msrs 4b564d01 and 4b564d00
[    0.000000] kvm-clock: using sched offset of 3946674529 cycles
[    0.000000] clocksource: kvm-clock: mask: 0xffffffffffffffff max_cycles: 0x1cd42e4dffb, max_idle_ns: 881590591483 ns
[    0.000000] Zone ranges:
[    0.000000]   DMA      [mem 0x0000000000001000-0x0000000000ffffff]
[    0.000000]   DMA32    [mem 0x0000000001000000-0x000000003ffeffff]
[    0.000000]   Normal   empty
[    0.000000]   Device   empty
[    0.000000] Movable zone start for each node
[    0.000000] Early memory node ranges
[    0.000000]   node   0: [mem 0x0000000000001000-0x000000000009efff]
[    0.000000]   node   0: [mem 0x0000000000100000-0x000000003ffeffff]
[    0.000000] Reserved but unavailable: 104 pages
[    0.000000] Initmem setup node 0 [mem 0x0000000000001000-0x000000003ffeffff]
[    0.000000] ACPI: PM-Timer IO Port: 0x4008
[    0.000000] IOAPIC[0]: apic_id 2, version 32, address 0xfec00000, GSI 0-23
[    0.000000] ACPI: INT_SRC_OVR (bus 0 bus_irq 0 global_irq 2 dfl dfl)
[    0.000000] ACPI: INT_SRC_OVR (bus 0 bus_irq 9 global_irq 9 low level)
[    0.000000] Using ACPI (MADT) for SMP configuration information
[    0.000000] smpboot: Allowing 2 CPUs, 0 hotplug CPUs
[    0.000000] PM: Registered nosave memory: [mem 0x00000000-0x00000fff]
[    0.000000] PM: Registered nosave memory: [mem 0x0009f000-0x0009ffff]
[    0.000000] PM: Registered nosave memory: [mem 0x000a0000-0x000effff]
[    0.000000] PM: Registered nosave memory: [mem 0x000f0000-0x000fffff]
[    0.000000] e820: [mem 0x40000000-0xfebfffff] available for PCI devices
[    0.000000] Booting paravirtualized kernel on KVM
[    0.000000] clocksource: refined-jiffies: mask: 0xffffffff max_cycles: 0xffffffff, max_idle_ns: 7645519600211568 ns
[    0.000000] random: get_random_bytes called from start_kernel+0x99/0x500 with crng_init=0
[    0.000000] setup_percpu: NR_CPUS:8192 nr_cpumask_bits:2 nr_cpu_ids:2 nr_node_ids:1
[    0.000000] percpu: Embedded 50 pages/cpu s167936 r8192 d28672 u1048576
[    0.000000] PV qspinlock hash table entries: 256 (order: 0, 4096 bytes)
[    0.000000] Built 1 zonelists, mobility grouping on.  Total pages: 257913
[    0.000000] Policy zone: DMA32
[    0.000000] Kernel command line: BOOT_IMAGE=/boot/vmlinuz-4.15.0-192-generic root=LABEL=cloudimg-rootfs ro console=tty1 console=ttyS0
[    0.000000] Memory: 982648K/1048120K available (12300K kernel code, 2484K rwdata, 4324K rodata, 2468K init, 2724K bss, 65472K reserved, 0K cma-reserved)
[    0.000000] SLUB: HWalign=64, Order=0-3, MinObjects=0, CPUs=2, Nodes=1
[    0.000000] Kernel/User page tables isolation: enabled
[    0.000000] ftrace: allocating 39482 entries in 155 pages
[    0.004000] Hierarchical RCU implementation.
[    0.004000] 	RCU restricting CPUs from NR_CPUS=8192 to nr_cpu_ids=2.
[    0.004000] 	Tasks RCU enabled.
[    0.004000] RCU: Adjusting geometry for rcu_fanout_leaf=16, nr_cpu_ids=2
[    0.004000] NR_IRQS: 524544, nr_irqs: 440, preallocated irqs: 16
[    0.004000] Console: colour VGA+ 80x25
[    0.004000] console [tty1] enabled
[    0.004000] console [ttyS0] enabled
[    0.004000] ACPI: Core revision 20170831
[    0.004000] ACPI: 2 ACPI AML tables successfully acquired and loaded
[    0.004000] APIC: Switch to symmetric I/O mode setup
[    0.004000] x2apic enabled
[    0.004000] Switched APIC routing to physical x2apic.
[    0.004000] ..TIMER: vector=0x30 apic1=0 pin1=2 apic2=-1 pin2=-1
[    0.004004] tsc: Detected 2399.998 MHz processor
[    0.004832] Calibrating delay loop (skipped) preset value.. 4799.99 BogoMIPS (lpj=9599992)
[    0.005464] pid_max: default: 32768 minimum: 301
[    0.008030] Security Framework initialized
[    0.008862] Yama: becoming mindful.
[    0.009751] AppArmor: AppArmor initialized
[    0.012013] Dentry cache hash table entries: 131072 (order: 8, 1048576 bytes)
[    0.013604] Inode-cache hash table entries: 65536 (order: 7, 524288 bytes)
[    0.016011] Mount-cache hash table entries: 2048 (order: 2, 16384 bytes)
[    0.017191] Mountpoint-cache hash table entries: 2048 (order: 2, 16384 bytes)
[    0.018774] Last level iTLB entries: 4KB 64, 2MB 8, 4MB 8
[    0.020004] Last level dTLB entries: 4KB 64, 2MB 0, 4MB 0, 1GB 4
[    0.021062] Spectre V1 : Mitigation: usercopy/swapgs barriers and __user pointer sanitization
[    0.022558] Spectre V2 : Mitigation: Retpolines
[    0.023373] Spectre V2 : Spectre v2 / SpectreRSB mitigation: Filling RSB on context switch
[    0.024001] Speculative Store Bypass: Vulnerable
[    0.025030] MDS: Mitigation: Clear CPU buffers
[    0.026076] MMIO Stale Data: Mitigation: Clear CPU buffers
[    0.028006] SRBDS: Unknown: Dependent on hypervisor status
[    0.029297] Freeing SMP alternatives memory: 36K
[    0.141491] smpboot: CPU0: Intel(R) Core(TM) i5-8279U CPU @ 2.40GHz (family: 0x6, model: 0x8e, stepping: 0xa)
[    0.144000] Performance Events: unsupported p6 CPU model 142 no PMU driver, software events only.
[    0.144044] Hierarchical SRCU implementation.
[    0.145504] NMI watchdog: Perf event create on CPU 0 failed with -2
[    0.146719] NMI watchdog: Perf NMI watchdog permanently disabled
[    0.148055] smp: Bringing up secondary CPUs ...
[    0.148947] x86: Booting SMP configuration:
[    0.149754] .... node  #0, CPUs:      #1
[    0.004000] kvm-clock: cpu 1, msr 0:3ff44041, secondary cpu clock
[    0.155362] smp: Brought up 1 node, 2 CPUs
[    0.156004] smpboot: Max logical packages: 1
[    0.157113] smpboot: Total of 2 processors activated (9599.99 BogoMIPS)
[    0.160192] devtmpfs: initialized
[    0.164414] x86/mm: Memory block size: 128MB
[    0.172196] evm: security.selinux
[    0.173278] evm: security.SMACK64
[    0.173900] evm: security.SMACK64EXEC
[    0.174604] evm: security.SMACK64TRANSMUTE
[    0.176006] evm: security.SMACK64MMAP
[    0.176732] evm: security.apparmor
[    0.177369] evm: security.ima
[    0.177949] evm: security.capability
[    0.178679] clocksource: jiffies: mask: 0xffffffff max_cycles: 0xffffffff, max_idle_ns: 7645041785100000 ns
[    0.180006] futex hash table entries: 512 (order: 3, 32768 bytes)
[    0.181108] pinctrl core: initialized pinctrl subsystem
[    0.184100] RTC time: 23:55:47, date: 10/27/22
[    0.185326] NET: Registered protocol family 16
[    0.186295] audit: initializing netlink subsys (disabled)
[    0.188035] audit: type=2000 audit(1666914952.874:1): state=initialized audit_enabled=0 res=1
[    0.189887] cpuidle: using governor ladder
[    0.192011] cpuidle: using governor menu
[    0.192786] ACPI: bus type PCI registered
[    0.193522] acpiphp: ACPI Hot Plug PCI Controller Driver version: 0.5
[    0.194758] PCI: Using configuration type 1 for base access
[    0.196756] HugeTLB registered 2.00 MiB page size, pre-allocated 0 pages
[    0.197221] ACPI: Added _OSI(Module Device)
[    0.197221] ACPI: Added _OSI(Processor Device)
[    0.197666] ACPI: Added _OSI(3.0 _SCP Extensions)
[    0.200007] ACPI: Added _OSI(Processor Aggregator Device)
[    0.200974] ACPI: Added _OSI(Linux-Dell-Video)
[    0.201925] ACPI: Added _OSI(Linux-Lenovo-NV-HDMI-Audio)
[    0.203019] ACPI: Added _OSI(Linux-HPI-Hybrid-Graphics)
[    0.204337] ACPI: Executed 1 blocks of module-level executable AML code
[    0.211055] ACPI: Interpreter enabled
[    0.211905] ACPI: (supports S0 S5)
[    0.212003] ACPI: Using IOAPIC for interrupt routing
[    0.213346] PCI: Using host bridge windows from ACPI; if necessary, use "pci=nocrs" and report a bug
[    0.215409] ACPI: Enabled 2 GPEs in block 00 to 07
[    0.224981] ACPI: PCI Root Bridge [PCI0] (domain 0000 [bus 00-ff])
[    0.226515] acpi PNP0A03:00: _OSC: OS supports [ASPM ClockPM Segments MSI]
[    0.228345] acpi PNP0A03:00: _OSC: not requesting OS control; OS requires [ExtendedConfig ASPM ClockPM MSI]
[    0.232057] acpi PNP0A03:00: fail to add MMCONFIG information, can't access extended PCI configuration space under this bridge.
[    0.235122] PCI host bridge to bus 0000:00
[    0.236005] pci_bus 0000:00: root bus resource [io  0x0000-0x0cf7 window]
[    0.237317] pci_bus 0000:00: root bus resource [io  0x0d00-0xffff window]
[    0.238675] pci_bus 0000:00: root bus resource [mem 0x000a0000-0x000bffff window]
[    0.240008] pci_bus 0000:00: root bus resource [mem 0x40000000-0xfdffffff window]
[    0.244006] pci_bus 0000:00: root bus resource [bus 00-ff]
[    0.248171] pci 0000:00:01.1: legacy IDE quirk: reg 0x10: [io  0x01f0-0x01f7]
[    0.250397] pci 0000:00:01.1: legacy IDE quirk: reg 0x14: [io  0x03f6]
[    0.252004] pci 0000:00:01.1: legacy IDE quirk: reg 0x18: [io  0x0170-0x0177]
[    0.253612] pci 0000:00:01.1: legacy IDE quirk: reg 0x1c: [io  0x0376]
[    0.270063] pci 0000:00:07.0: quirk: [io  0x4000-0x403f] claimed by PIIX4 ACPI
[    0.271872] pci 0000:00:07.0: quirk: [io  0x4100-0x410f] claimed by PIIX4 SMB
[    0.279027] ACPI: PCI Interrupt Link [LNKA] (IRQs 5 9 10 *11)
[    0.280292] ACPI: PCI Interrupt Link [LNKB] (IRQs 5 9 *10 11)
[    0.281857] ACPI: PCI Interrupt Link [LNKC] (IRQs 5 *9 10 11)
[    0.283001] ACPI: PCI Interrupt Link [LNKD] (IRQs 5 9 10 *11)
[    0.284334] SCSI subsystem initialized
[    0.285264] pci 0000:00:02.0: vgaarb: setting as boot VGA device
[    0.285264] pci 0000:00:02.0: vgaarb: VGA device added: decodes=io+mem,owns=io+mem,locks=none
[    0.288011] pci 0000:00:02.0: vgaarb: bridge control possible
[    0.290113] vgaarb: loaded
[    0.290698] ACPI: bus type USB registered
[    0.292035] usbcore: registered new interface driver usbfs
[    0.293486] usbcore: registered new interface driver hub
[    0.294445] usbcore: registered new device driver usb
[    0.296068] EDAC MC: Ver: 3.0.0
[    0.297286] PCI: Using ACPI for IRQ routing
[    0.297769] NetLabel: Initializing
[    0.300004] NetLabel:  domain hash size = 128
[    0.300905] NetLabel:  protocols = UNLABELED CIPSOv4 CALIPSO
[    0.301924] NetLabel:  unlabeled traffic allowed by default
[    0.303227] clocksource: Switched to clocksource kvm-clock
[    0.313511] VFS: Disk quotas dquot_6.6.0
[    0.314696] VFS: Dquot-cache hash table entries: 512 (order 0, 4096 bytes)
[    0.317090] AppArmor: AppArmor Filesystem Enabled
[    0.318386] pnp: PnP ACPI init
[    0.321137] pnp: PnP ACPI: found 3 devices
[    0.329812] clocksource: acpi_pm: mask: 0xffffff max_cycles: 0xffffff, max_idle_ns: 2085701024 ns
[    0.331809] NET: Registered protocol family 2
[    0.332701] IP idents hash table entries: 16384 (order: 5, 131072 bytes)
[    0.335781] TCP established hash table entries: 8192 (order: 4, 65536 bytes)
[    0.337458] TCP bind hash table entries: 8192 (order: 5, 131072 bytes)
[    0.338594] TCP: Hash tables configured (established 8192 bind 8192)
[    0.339717] UDP hash table entries: 512 (order: 2, 16384 bytes)
[    0.340828] UDP-Lite hash table entries: 512 (order: 2, 16384 bytes)
[    0.341956] NET: Registered protocol family 1
[    0.342745] pci 0000:00:00.0: Limiting direct PCI/PCI transfers
[    0.344451] pci 0000:00:01.0: Activating ISA DMA hang workarounds
[    0.345571] pci 0000:00:02.0: Video device with shadowed ROM at [mem 0x000c0000-0x000dffff]
[    0.347217] Unpacking initramfs...
[    0.627668] Freeing initrd memory: 19528K
[    0.628870] clocksource: tsc: mask: 0xffffffffffffffff max_cycles: 0x229835b7123, max_idle_ns: 440795242976 ns
[    0.631416] platform rtc_cmos: registered platform RTC device (no PNP device found)
[    0.633455] Scanning for low memory corruption every 60 seconds
[    0.636191] Initialise system trusted keyrings
[    0.637472] Key type blacklist registered
[    0.638801] workingset: timestamp_bits=36 max_order=18 bucket_order=0
[    0.641345] zbud: loaded
[    0.642252] squashfs: version 4.0 (2009/01/31) Phillip Lougher
[    0.643555] fuse init (API version 7.26)
[    0.645581] Key type asymmetric registered
[    0.646476] Asymmetric key parser 'x509' registered
[    0.647412] Block layer SCSI generic (bsg) driver version 0.4 loaded (major 246)
[    0.648877] io scheduler noop registered
[    0.649647] io scheduler deadline registered
[    0.650744] io scheduler cfq registered (default)
[    0.652989] ACPI: AC Adapter [AC] (off-line)
[    0.653825] input: Power Button as /devices/LNXSYSTM:00/LNXPWRBN:00/input/input0
[    0.655354] ACPI: Power Button [PWRF]
[    0.656237] input: Sleep Button as /devices/LNXSYSTM:00/LNXSLPBN:00/input/input1
[    0.657704] ACPI: Sleep Button [SLPF]
[    0.659606] ACPI: Battery Slot [BAT0] (battery present)
[    0.660174] Serial: 8250/16550 driver, 32 ports, IRQ sharing enabled
[    0.682335] 00:02: ttyS0 at I/O 0x3f8 (irq = 4, base_baud = 115200) is a 16550A
[    0.687119] Linux agpgart interface v0.103
[    0.690888] loop: module loaded
[    0.692503] scsi host0: ata_piix
[    0.693458] scsi host1: ata_piix
[    0.694099] ata1: PATA max UDMA/33 cmd 0x1f0 ctl 0x3f6 bmdma 0xd000 irq 14
[    0.695306] ata2: PATA max UDMA/33 cmd 0x170 ctl 0x376 bmdma 0xd008 irq 15
[    0.697251] tun: Universal TUN/TAP device driver, 1.6
[    0.698342] PPP generic driver version 2.4.2
[    0.699300] ehci_hcd: USB 2.0 'Enhanced' Host Controller (EHCI) Driver
[    0.701384] ehci-pci: EHCI PCI platform driver
[    0.703407] ehci-platform: EHCI generic platform driver
[    0.705171] ohci_hcd: USB 1.1 'Open' Host Controller (OHCI) Driver
[    0.706380] ohci-pci: OHCI PCI platform driver
[    0.707590] ohci-platform: OHCI generic platform driver
[    0.708564] uhci_hcd: USB Universal Host Controller Interface driver
[    0.709729] i8042: PNP: PS/2 Controller [PNP0303:PS2K,PNP0f03:PS2M] at 0x60,0x64 irq 1,12
[    0.711611] serio: i8042 KBD port at 0x60,0x64 irq 1
[    0.712655] serio: i8042 AUX port at 0x60,0x64 irq 12
[    0.713717] mousedev: PS/2 mouse device common for all mice
[    0.714987] input: AT Translated Set 2 keyboard as /devices/platform/i8042/serio0/input/input2
[    0.717776] rtc_cmos rtc_cmos: rtc core: registered rtc_cmos as rtc0
[    0.719737] rtc_cmos rtc_cmos: alarms up to one day, 114 bytes nvram
[    0.721458] i2c /dev entries driver
[    0.722209] device-mapper: uevent: version 1.0.3
[    0.723347] device-mapper: ioctl: 4.37.0-ioctl (2017-09-20) initialised: dm-devel@redhat.com
[    0.725159] ledtrig-cpu: registered to indicate activity on CPUs
[    0.726634] NET: Registered protocol family 10
[    0.730483] Segment Routing with IPv6
[    0.731252] NET: Registered protocol family 17
[    0.732149] Key type dns_resolver registered
[    0.733141] mce: Using 0 MCE banks
[    0.733991] RAS: Correctable Errors collector initialized.
[    0.734980] sched_clock: Marking stable (733122244, 0)->(980553877, -247431633)
[    0.737538] registered taskstats version 1
[    0.738526] Loading compiled-in X.509 certificates
[    0.741182] Loaded X.509 cert 'Build time autogenerated kernel key: af04d57e94487e4500da7630f19b69a59e91d95a'
[    0.743346] Loaded X.509 cert 'Canonical Ltd. Live Patch Signing: 14df34d1a87cf37625abec039ef2bf521249b969'
[    0.745920] Loaded X.509 cert 'Canonical Ltd. Kernel Module Signing: 88f752e560a1e0737e31163a466ad7b70a850c19'
[    0.747659] blacklist: Loading compiled-in revocation X.509 certificates
[    0.749058] Loaded X.509 cert 'Canonical Ltd. Secure Boot Signing: 61482aa2830d0ab2ad5af10b7250da9033ddcef0'
[    0.751527] zswap: loaded using pool lzo/zbud
[    0.755920] Key type big_key registered
[    0.756723] Key type trusted registered
[    0.759166] Key type encrypted registered
[    0.760590] AppArmor: AppArmor sha1 policy hashing enabled
[    0.761771] ima: No TPM chip found, activating TPM-bypass! (rc=-19)
[    0.763054] ima: Allocated hash algorithm: sha1
[    0.763860] evm: HMAC attrs: 0x1
[    0.764851]   Magic number: 10:387:960
[    0.765722] rtc_cmos rtc_cmos: setting system clock to 2022-10-27 23:55:47 UTC (1666914947)
[    0.768107] BIOS EDD facility v0.16 2004-Jun-25, 0 devices found
[    0.769490] EDD information not available.
[    0.882635] Freeing unused kernel image memory: 2468K
[    0.896371] Write protecting the kernel read-only data: 20480k
[    0.899042] Freeing unused kernel image memory: 2008K
[    0.901390] Freeing unused kernel image memory: 1820K
[    0.908183] x86/mm: Checked W+X mappings: passed, no W+X pages found.
[    0.909543] x86/mm: Checking user space page tables
[    0.915563] x86/mm: Checked W+X mappings: passed, no W+X pages found.
Loading, please wait...
starting version 237
[    0.982399] Fusion MPT base driver 3.04.20
[    0.984116] Copyright (c) 1999-2008 LSI Corporation
[    1.001912] AVX2 version of gcm_enc/dec engaged.
[    1.003652] AES CTR mode by8 optimization enabled
[    1.005050] e1000: Intel(R) PRO/1000 Network Driver - version 7.3.21-k8-NAPI
[    1.006901] e1000: Copyright (c) 1999-2006 Intel Corporation.
[    1.023005] Fusion MPT SPI Host driver 3.04.20
[    1.194076] input: ImExPS/2 Generic Explorer Mouse as /devices/platform/i8042/serio1/input/input4
[    1.429627] e1000 0000:00:03.0 eth0: (PCI:33MHz:32-bit) 02:a0:66:c7:c8:08
[    1.431444] e1000 0000:00:03.0 eth0: Intel(R) PRO/1000 Network Connection
[    1.434188] mptbase: ioc0: Initiating bringup
[    1.435921] e1000 0000:00:03.0 enp0s3: renamed from eth0
[    1.529423] ioc0: LSI53C1030 A0: Capabilities={Initiator}
[    1.772272] scsi host2: ioc0: LSI53C1030 A0, FwRev=00000000h, Ports=1, MaxQ=256, IRQ=20
[    1.940849] scsi 2:0:0:0: Direct-Access     VBOX     HARDDISK         1.0  PQ: 0 ANSI: 5
[    1.972569] scsi target2:0:0: Beginning Domain Validation
[    1.976522] scsi target2:0:0: Domain Validation skipping write tests
[    1.978059] scsi target2:0:0: Ending Domain Validation
[    1.979181] scsi target2:0:0: asynchronous
[    1.980632] scsi 2:0:1:0: Direct-Access     VBOX     HARDDISK         1.0  PQ: 0 ANSI: 5
[    2.012631] scsi target2:0:1: Beginning Domain Validation
[    2.015716] random: fast init done
[    2.018984] scsi target2:0:1: Domain Validation skipping write tests
[    2.020859] scsi target2:0:1: Ending Domain Validation
[    2.022027] scsi target2:0:1: asynchronous
[    2.026129] random: systemd-udevd: uninitialized urandom read (16 bytes read)
[    2.026176] sd 2:0:0:0: Attached scsi generic sg0 type 0
[    2.027986] random: systemd-udevd: uninitialized urandom read (16 bytes read)
[    2.029110] sd 2:0:1:0: Attached scsi generic sg1 type 0
[    2.030298] random: systemd-udevd: uninitialized urandom read (16 bytes read)
[    2.033460] sd 2:0:0:0: [sda] 83886080 512-byte logical blocks: (42.9 GB/40.0 GiB)
[    2.036671] sd 2:0:1:0: [sdb] 20480 512-byte logical blocks: (10.5 MB/10.0 MiB)
[    2.036803] sd 2:0:0:0: [sda] Write Protect is off
[    2.039798] sd 2:0:1:0: [sdb] Write Protect is off
[    2.039977] sd 2:0:0:0: [sda] Incomplete mode parameter data
[    2.042810] sd 2:0:0:0: [sda] Assuming drive cache: write through
[    2.044256] sd 2:0:1:0: [sdb] Incomplete mode parameter data
[    2.045257] sd 2:0:1:0: [sdb] Assuming drive cache: write through
[    2.047596]  sda: sda1
[    2.048903] sd 2:0:0:0: [sda] Attached SCSI disk
[    2.051267] sd 2:0:1:0: [sdb] Attached SCSI disk
Begin: Loading essential drivers ... [    3.460188] raid6: sse2x1   gen() 12029 MB/s
[    3.508110] raid6: sse2x1   xor()  8120 MB/s
[    3.556168] raid6: sse2x2   gen() 12274 MB/s
[    3.604049] raid6: sse2x2   xor()  9373 MB/s
[    3.652322] raid6: sse2x4   gen() 16791 MB/s
[    3.700139] raid6: sse2x4   xor() 11274 MB/s
[    3.748101] raid6: avx2x1   gen() 23923 MB/s
[    3.796222] raid6: avx2x1   xor() 17887 MB/s
[    3.844083] raid6: avx2x2   gen() 28975 MB/s
[    3.892104] raid6: avx2x2   xor() 18480 MB/s
[    3.940098] raid6: avx2x4   gen() 33824 MB/s
[    3.988096] raid6: avx2x4   xor() 21116 MB/s
[    3.989422] raid6: using algorithm avx2x4 gen() 33824 MB/s
[    3.990619] raid6: .... xor() 21116 MB/s, rmw enabled
[    3.991522] raid6: using avx2x2 recovery algorithm
[    3.993216] xor: automatically using best checksumming function   avx       
[    3.995426] async_tx: api initialized (async)
done.
Begin: Running /scripts/init-premount ... done.
Begin: Mounting root file system ... Begin: Running /scripts/local-top ... done.
Begin: Running /scripts/local-premount ... [    4.034088] Btrfs loaded, crc32c=crc32c-intel
Scanning for Btrfs filesystems
done.
Warning: fsck not present, so skipping root file system
[    4.058119] EXT4-fs (sda1): mounted filesystem with ordered data mode. Opts: (null)
done.
Begin: Running /scripts/local-bottom ... done.
Begin: Running /scripts/init-bottom ... done.
[    4.246182] ip_tables: (C) 2000-2006 Netfilter Core Team
[    4.267658] systemd[1]: systemd 237 running in system mode. (+PAM +AUDIT +SELINUX +IMA +APPARMOR +SMACK +SYSVINIT +UTMP +LIBCRYPTSETUP +GCRYPT +GNUTLS +ACL +XZ +LZ4 +SECCOMP +BLKID +ELFUTILS +KMOD -IDN2 +IDN -PCRE2 default-hierarchy=hybrid)
[    4.277433] systemd[1]: Detected virtualization oracle.
[    4.280638] systemd[1]: Detected architecture x86-64.

Welcome to [1mUbuntu 18.04.6 LTS[0m!

[    4.292713] systemd[1]: Set hostname to <ubuntu>.
[    4.302833] systemd[1]: Initializing machine ID from random generator.
[    4.306949] systemd[1]: Installed transient /etc/machine-id file.
[    4.728854] systemd[1]: Set up automount Arbitrary Executable File Formats File System Automount Point.
[[0;32m  OK  [0m] Set up automount Arbitrary Executabâ€¦rmats File System Automount Point.
[    4.732501] systemd[1]: Reached target User and Group Name Lookups.
[[0;32m  OK  [0m] Reached target User and Group Name Lookups.
[    4.734713] systemd[1]: Reached target System Time Synchronized.
[[0;32m  OK  [0m] Reached target System Time Synchronized.
[    4.736782] systemd[1]: Started Forward Password Requests to Wall Directory Watch.
[[0;32m  OK  [0m] Started Forward Password Requests to Wall Directory Watch.
[[0;32m  OK  [0m] Created slice User and Session Slice.
[[0;32m  OK  [0m] Reached target Swap.
[[0;32m  OK  [0m] Created slice System Slice.
[[0;32m  OK  [0m] Listening on Syslog Socket.
[[0;32m  OK  [0m] Listening on Journal Socket.
[[0;32m  OK  [0m] Listening on Journal Audit Socket.
         Mounting Kernel Debug File System...
[[0;32m  OK  [0m] Listening on LVM2 poll daemon socket.
         Starting Set the console keyboard layout...
[[0;32m  OK  [0m] Listening on udev Control Socket.
[[0;32m  OK  [0m] Reached target Slices.
         Starting Create list of required stâ€¦ce nodes for the current kernel...
[[0;32m  OK  [0m] Created slice system-serial\x2dgetty.slice.
[[0;32m  OK  [0m] Listening on udev Kernel Socket.
         Mounting Huge Pages File System...
         Mounting POSIX Message Queue File System...
         Starting Load Kernel Modules...
[[0;32m  OK  [0m] Listening on Device-mapper event daemon FIFOs.
[[0;32m  OK  [0m] Listening on /dev/initctl Compatibility Named Pipe.
[[0;32m  OK  [0m] Listening on Network Service Netlink Socket.
         Starting Uncomplicated firewall...
         Starting udev Coldplug all Devices...
[[0;32m  OK  [0m] Listening on Journal Socket (/dev/log).
         Starting Journal Service...
[    4.788140] Loading iSCSI transport class v2.0-870.
[[0;32m  OK  [0m] Listening on fsck to fsckd communication Socket.
         Starting File System Check on Root Device...
[[0;32m  OK  [0m] Listening on LVM2 metadata daemon socket.
[    4.794307] iscsi: registered transport (tcp)
         Starting Monitoring of LVM2 mirrorsâ€¦ng dmeventd or progress polling...
[[0;32m  OK  [0m] Mounted Kernel Debug File System.
[[0;32m  OK  [0m] Started Create list of required staâ€¦vice nodes for the current kernel.
[[0;32m  OK  [0m] Mounted Huge Pages File System.
[[0;32m  OK  [0m] Mounted POSIX Message Queue File System.
         Starting Create Static Device Nodes in /dev...
[[0;32m  OK  [0m] Started Uncomplicated firewall.
[[0;32m  OK  [0m] Started File System Check Daemon to report status.
[[0;32m  OK  [0m] Started Journal Service.
[[0;32m  OK  [0m] Started udev Coldplug all Devices.
[[0;32m  OK  [0m] Started LVM2 metadata daemon.
[[0;32m  OK  [0m] Started Create Static Device Nodes in /dev.
[    4.891892] iscsi: registered transport (iser)
[[0;32m  OK  [0m] Started Load Kernel Modules.
         Mounting Kernel Configuration File System...
         Starting Apply Kernel Variables...
         Mounting FUSE Control File System...
[[0;32m  OK  [0m] Mounted Kernel Configuration File System.
[[0;32m  OK  [0m] Mounted FUSE Control File System.
[[0;32m  OK  [0m] Started File System Check on Root Device.
         Starting Remount Root and Kernel File Systems...
[[0;32m  OK  [0m] Started Monitoring of LVM2 mirrors,â€¦sing dmeventd or progress polling.
[[0;32m  OK  [0m] Started Apply Kernel Variables.
[[0;32m  OK  [0m] Started Remount Root and Kernel File Systems.
         Starting udev Kernel Device Manager...
         Starting Flush Journal to Persistent Storage...
         Starting Load/Save Random Seed...
[[0;32m  OK  [0m] Started udev Kernel Device Manager.
[[0;32m  OK  [0m] Started Load/Save Random Seed.
[[0;32m  OK  [0m] Started Flush Journal to Persistent Storage.
[[0;32m  OK  [0m] Found device /dev/ttyS0.
[[0;32m  OK  [0m] Listening on Load/Save RF Kill Switch Status /dev/rfkill Watch.
[[0;32m  OK  [0m] Started Set the console keyboard layout.
[[0;32m  OK  [0m] Started Dispatch Password Requests to Console Directory Watch.
[[0;32m  OK  [0m] Reached target Local Encrypted Volumes.
[[0;32m  OK  [0m] Reached target Local File Systems (Pre).
[[0;32m  OK  [0m] Reached target Local File Systems.
         Starting Set console font and keymap...
         Starting Create Volatile Files and Directories...
         Starting Commit a transient machine-id on disk...
         Starting AppArmor initialization...
         Starting ebtables ruleset management...
         Starting Tell Plymouth To Write Out Runtime Data...
[[0;32m  OK  [0m] Started Tell Plymouth To Write Out Runtime Data.
[[0;32m  OK  [0m] Started Create Volatile Files and Directories.
         Starting Update UTMP about System Boot/Shutdown...
[[0;32m  OK  [0m] Started Update UTMP about System Boot/Shutdown.
[[0;32m  OK  [0m] Started Commit a transient machine-id on disk.
[[0;32m  OK  [0m] Started ebtables ruleset management.
[[0;32m  OK  [0m] Started AppArmor initialization.
         Starting Load AppArmor profiles managed internally by snapd...
         Starting Initial cloud-init job (pre-networking)...
[[0;32m  OK  [0m] Started Load AppArmor profiles managed internally by snapd.
[[0;32m  OK  [0m] Started Set console font and keymap.
[    8.486464] cloud-init[830]: Cloud-init v. 22.2-0ubuntu1~18.04.3 running 'init-local' at Thu, 27 Oct 2022 23:55:54 +0000. Up 8.13 seconds.
[[0;32m  OK  [0m] Started Initial cloud-init job (pre-networking).
[[0;32m  OK  [0m] Reached target Network (Pre).
         Starting Network Service...
[[0;32m  OK  [0m] Started Network Service.
         Starting Wait for Network to be Configured...
         Starting Network Name Resolution...
[[0;32m  OK  [0m] Started Network Name Resolution.
[[0;32m  OK  [0m] Reached target Network.
[[0;32m  OK  [0m] Reached target Host and Network Name Lookups.
[[0;32m  OK  [0m] Started Wait for Network to be Configured.
         Starting Initial cloud-init job (metadata service crawler)...
[   10.236856] cloud-init[942]: Cloud-init v. 22.2-0ubuntu1~18.04.3 running 'init' at Thu, 27 Oct 2022 23:55:56 +0000. Up 10.11 seconds.
[   10.252211] cloud-init[942]: ci-info: ++++++++++++++++++++++++++++++++++++++Net device info++++++++++++++++++++++++++++++++++++++
[   10.254008] cloud-init[942]: ci-info: +--------+------+----------------------------+---------------+--------+-------------------+
[   10.264186] cloud-init[942]: ci-info: | Device |  Up  |          Address           |      Mask     | Scope  |     Hw-Address    |
[   10.265334] cloud-init[942]: ci-info: +--------+------+----------------------------+---------------+--------+-------------------+
[   10.266948] cloud-init[942]: ci-info: | enp0s3 | True |         10.0.2.15          | 255.255.255.0 | global | 02:a0:66:c7:c8:08 |
[   10.269170] cloud-init[942]: ci-info: | enp0s3 | True | fe80::a0:66ff:fec7:c808/64 |       .       |  link  | 02:a0:66:c7:c8:08 |
[   10.270833] cloud-init[942]: ci-info: |   lo   | True |         127.0.0.1          |   255.0.0.0   |  host  |         .         |
[   10.272503] cloud-init[942]: ci-info: |   lo   | True |          ::1/128           |       .       |  host  |         .         |
[   10.274155] cloud-init[942]: ci-info: +--------+------+----------------------------+---------------+--------+-------------------+
[   10.275763] cloud-init[942]: ci-info: ++++++++++++++++++++++++++++Route IPv4 info+++++++++++++++++++++++++++++
[   10.277292] cloud-init[942]: ci-info: +-------+-------------+----------+-----------------+-----------+-------+
[   10.278452] cloud-init[942]: ci-info: | Route | Destination | Gateway  |     Genmask     | Interface | Flags |
[   10.279514] cloud-init[942]: ci-info: +-------+-------------+----------+-----------------+-----------+-------+
[   10.280730] cloud-init[942]: ci-info: |   0   |   0.0.0.0   | 10.0.2.2 |     0.0.0.0     |   enp0s3  |   UG  |
[   10.282120] cloud-init[942]: ci-info: |   1   |   10.0.2.0  | 0.0.0.0  |  255.255.255.0  |   enp0s3  |   U   |
[   10.283775] cloud-init[942]: ci-info: |   2   |   10.0.2.2  | 0.0.0.0  | 255.255.255.255 |   enp0s3  |   UH  |
[   10.296228] cloud-init[942]: ci-info: +-------+-------------+----------+-----------------+-----------+-------+
[   10.297690] cloud-init[942]: ci-info: +++++++++++++++++++Route IPv6 info+++++++++++++++++++
[   10.299011] cloud-init[942]: ci-info: +-------+-------------+---------+-----------+-------+
[   10.299879] cloud-init[942]: ci-info: | Route | Destination | Gateway | Interface | Flags |
[   10.301454] cloud-init[942]: ci-info: +-------+-------------+---------+-----------+-------+
[   10.312240] cloud-init[942]: ci-info: |   1   |  fe80::/64  |    ::   |   enp0s3  |   U   |
[   10.313571] cloud-init[942]: ci-info: |   3   |    local    |    ::   |   enp0s3  |   U   |
[   10.314584] cloud-init[942]: ci-info: |   4   |   ff00::/8  |    ::   |   enp0s3  |   U   |
[   10.316199] cloud-init[942]: ci-info: +-------+-------------+---------+-----------+-------+
[   11.093256] cloud-init[942]: Generating public/private rsa key pair.
[   11.094531] cloud-init[942]: Your identification has been saved in /etc/ssh/ssh_host_rsa_key.
[   11.095404] cloud-init[942]: Your public key has been saved in /etc/ssh/ssh_host_rsa_key.pub.
[   11.108255] cloud-init[942]: The key fingerprint is:
[   11.120336] cloud-init[942]: SHA256:v8/vc6VYonE382O7o/NOBvem+YVwbgNHFJShHnsogMs root@ubuntu-bionic
[   11.132306] cloud-init[942]: The key's randomart image is:
[   11.145091] cloud-init[942]: +---[RSA 2048]----+
[[   11.145761] [0;32m  OK  [0mcloud-init] [942]: Started Initial cloud-init job (metadata service crawler).|             .=+ |

[   11.147622] cloud-init[942]: |       .     o.  |
[[0;32m  OK  [0m] Reached target Network is Online.
[   11.148247] cloud-init[942]: |      . .   o .  |
[   11.149624] cloud-init[942]: |     . . . . =   |
         Starting Availability of block devices...[   11.160834] cloud-init[942]: |      E S . *.+. |
[   11.161161] cloud-init[942]: |         ...oBB.o|

[   11.161402] cloud-init[942]: |          .+ ==B=|
[   11.176395] cloud-init[942]: |          .o.o=O+|
[[0;32m  OK  [0m] Reached target Remote File Systems (Pre).
[[   11.176918] cloud-init[942]: |          ..o+@O*|
[   11.178706] cloud-init[942]: +----[SHA256]-----+
[0;32m  OK  [0m[   11.180224] cloud-init[942]: Generating public/private dsa key pair.
[   11.180657] cloud-init[942]: Your identification has been saved in /etc/ssh/ssh_host_dsa_key.
[   11.181752] cloud-init[942]: Your public key has been saved in /etc/ssh/ssh_host_dsa_key.pub.
[   11.182125] cloud-init[942]: The key fingerprint is:
] Reached target Remote File Systems.
[   11.184026] cloud-init[942]: SHA256:NNILiM88tlZknClLwBA8wHiX5NAhP/tOIcgwacXRwLs root@ubuntu-bionic
[[0;32m  OK  [0m[   11.188219] cloud-init[942]: The key's randomart image is:
[   11.188447] cloud-init[942]: +---[DSA 1024]----+
[   11.189426] cloud-init[942]: |O+***o           |
[   11.190451] cloud-init[942]: |.=+X++ +         |
[   11.190878] cloud-init[942]: |+oo.O O +        |
[   11.191499] cloud-init[942]: |.+ B B + o       |
] Reached target System Initialization.
[   11.191872] cloud-init[942]: |  o @ o S        |
[[0;32m  OK  [0m] [   11.193761] cloud-init[942]: |   E * .         |
[   11.194158] cloud-init[942]: |    o o          |
[   11.195387] cloud-init[942]: |   . o           |
Listening on cloud-init hotplug hook socket.
[   11.195819] cloud-init[942]: |      .          |
[   11.198273] cloud-init[942]: +----[SHA256]-----+
[   11.199349] cloud-init[942]: Generating public/private ecdsa key pair.
[[   11.201211] cloud-init[942]: Your identification has been saved in /etc/ssh/ssh_host_ecdsa_key.
[   11.201364] cloud-init[942]: Your public key has been saved in /etc/ssh/ssh_host_ecdsa_key.pub.
[   11.203294] cloud-init[942]: The key fingerprint is:
[   11.205339] cloud-init[942]: SHA256:SC3GDQEhyY1LWCDzztbdLNWVS7LYVO44dnQbN8tWlKE root@ubuntu-bionic
[   11.206936] cloud-init[942]: The key's randomart image is:
[   11.207196] cloud-init[942]: +---[ECDSA 256]---+
[0;32m  OK  [0m] Started ACPI Events Check.
[   11.207664] cloud-init[942]: |+=o+ooo.   .o. .+|
[[   11.220432] cloud-init[942]: |oo=... + .ooo .o |
[   11.220532] cloud-init[942]: | ...  = ++.+oEo.o|
[   11.221092] cloud-init[942]: | o.. + *. o+...++|
[0;32m  OK  [0m] Reached target Paths.
[   11.221255] cloud-init[942]: |  + . + S + o .+ |
[   11.223634] cloud-init[942]: | .     . . o  .  |
[   11.224387] cloud-init[942]: |                 |
[[   11.225065] cloud-init[942]: |                 |
[   11.225119] cloud-init[942]: |                 |
[   11.225665] cloud-init[942]: +----[SHA256]-----+
[0;32m  OK  [0m] Started Discard unused blocks once a week.
[   11.226024] cloud-init[942]: Generating public/private ed25519 key pair.
[   11.237369] cloud-init[942]: Your identification has been saved in /etc/ssh/ssh_host_ed25519_key.
[   11.237448] cloud-init[942]: Your public key has been saved in /etc/ssh/ssh_host_ed25519_key.pub.
[[0;32m  OK  [0m] Listening on ACPID Listen Socket.
[   11.237606] cloud-init[942]: The key fingerprint is:
[   11.240699] cloud-init[942]: SHA256:uGr+AzTyEE9nBphH6yuNI9Ud9PxikZCjZIfaoU4cL6I root@ubuntu-bionic
[   11.241888] cloud-init[942]: The key's randomart image is:
[   11.252336] cloud-init[942]: +--[ED25519 256]--+
[   11.252424] cloud-init[942]: |   +ooo.         |
[   11.253996] cloud-init[942]: |  = BoB+ .       |
[   11.254560] cloud-init[942]: | . &.B..=        |
[   11.255188] cloud-init[942]: |. OoB. o o       |
[   11.255852] cloud-init[942]: |.+.*o.o S .      |
         Starting Socket activation for snappy daemon.
[   11.256257] cloud-init[942]: |E..oo. o .       |
[   11.259820] cloud-init[942]: |. + o..          |
[   11.259963] cloud-init[942]: | . o...          |
[   11.261596] cloud-init[942]: |   oo...         |
[   11.261772] cloud-init[942]: +----[SHA256]-----+
[[0;32m  OK  [0m] Started Message of the Day.
[[0;32m  OK  [0m] Listening on D-Bus System Message Bus Socket.
[[0;32m  OK  [0m] Started Daily Cleanup of Temporary Directories.
         Starting LXD - unix socket.
[[0;32m  OK  [0m] Listening on UUID daemon activation socket.
[[0;32m  OK  [0m] Started Daily apt download activities.
[[0;32m  OK  [0m] Started Daily apt upgrade and clean activities.
[[0;32m  OK  [0m] Started Ubuntu Advantage Timer for running repeated jobs.
[[0;32m  OK  [0m] Reached target Timers.
[[0;32m  OK  [0m] Listening on Open-iSCSI iscsid Socket.
[[0;32m  OK  [0m] Reached target Cloud-config availability.
[[0;32m  OK  [0m] Started Availability of block devices.
[[0;32m  OK  [0m] Listening on Socket activation for snappy daemon.
[[0;32m  OK  [0m] Listening on LXD - unix socket.
[[0;32m  OK  [0m] Reached target Sockets.
[[0;32m  OK  [0m] Reached target Basic System.
         Starting LXD - container startup/shutdown...
         Starting LSB: Record successful boot for GRUB...
         Starting Pollinate to seed the pseudo random number generator...
[[0;32m  OK  [0m] Started irqbalance daemon.
         Starting Accounts Service...
         Starting Permit User Sessions...
         Starting Virtualbox guest utils...
         Starting Login Service...
[[0;32m  OK  [0m] Started D-Bus System Message Bus.
[[0;32m  OK  [0m] Started Login Service.
[[0;32m  OK  [0m] Started Unattended Upgrades Shutdown.
[[0;32m  OK  [0m] Started Regular background program processing daemon.
         Starting System Logging Service...
         Starting LSB: automatic crash report generation...
         Starting Dispatcher daemon for systemd-networkd...
[[0;32m  OK  [0m] Started FUSE filesystem for LXC.
[[0;32m  OK  [0m] Started Deferred execution scheduler.
         Starting Snap Daemon...
[[0;32m  OK  [0m] Started System Logging Service.
[[0;32m  OK  [0m] Started LXD - container startup/shutdown.
[[0;32m  OK  [0m] Started Permit User Sessions.
         Starting Authorization Manager...
         Starting Terminate Plymouth Boot Screen...
         Starting Hold until boot process finishes up...
[[0;32m  OK  [0m] Started Hold until boot process finishes up.
[[0;32m  OK  [0m] Started LSB: automatic crash report generation.
[[0;32m  OK  [0m] Started Terminate Plymouth Boot Screen.
         Starting Set console scheme...
[[0;32m  OK  [0m] Started Serial Getty on ttyS0.
[[0;32m  OK  [0m] Started Authorization Manager.
[[0;32m  OK  [0m] Started Accounts Service.
[[0;32m  OK  [0m] Started Set console scheme.
[[0;32m  OK  [0m] Created slice system-getty.slice.
[[0;32m  OK  [0m] Started Getty on tty1.
[[0;32m  OK  [0m] Reached target Login Prompts.
[[0;32m  OK  [0m] Started LSB: Record successful boot for GRUB.
[[0;32m  OK  [0m] Started Virtualbox guest utils.
[[0;32m  OK  [0m] Started Dispatcher daemon for systemd-networkd.
[[0;32m  OK  [0m] Started Snap Daemon.
         Starting Wait until snapd is fully seeded...
         Starting Time & Date Service...
[[0;32m  OK  [0m] Started Time & Date Service.
[[0;32m  OK  [0m] Started Pollinate to seed the pseudo random number generator.
         Starting OpenBSD Secure Shell server...
[[0;32m  OK  [0m] Started OpenBSD Secure Shell server.
[[0;32m  OK  [0m] Created slice User Slice of vagrant.
         Starting User Manager for UID 1000...
[[0;32m  OK  [0m] Started Session 1 of user vagrant.
[[0;32m  OK  [0m] Started User Manager for UID 1000.
[[0;32m  OK  [0m] Started Wait until snapd is fully seeded.
         Starting Apply the settings specified in cloud-config...
[   15.856773] cloud-init[1619]: Cloud-init v. 22.2-0ubuntu1~18.04.3 running 'modules:config' at Thu, 27 Oct 2022 23:56:02 +0000. Up 15.48 seconds.
[[0;32m  OK  [0m] Started Apply the settings specified in cloud-config.
[[0;32m  OK  [0m] Reached target Multi-User System.
[[0;32m  OK  [0m] Reached target Graphical Interface.
         Starting Update UTMP about System Runlevel Changes...
         Starting Execute cloud user/final scripts...
[[0;32m  OK  [0m] Started Update UTMP about System Runlevel Changes.
         Stopping User Manager for UID 1000...
[[0;32m  OK  [0m] Stopped User Manager for UID 1000.
[[0;32m  OK  [0m] Removed slice User Slice of vagrant.
ci-info: no authorized SSH keys fingerprints found for user ubuntu.
[[0;32m  OK  [0m] Created slice User Slice of vagrant.
         Starting User Manager for UID 1000...
[[0;32m  OK  [0m] Started Session 3 of user vagrant.
<14>Oct 27 23:56:03 cloud-init: #############################################################
<14>Oct 27 23:56:03 cloud-init: -----BEGIN SSH HOST KEY FINGERPRINTS-----
<14>Oct 27 23:56:03 cloud-init: 1024 SHA256:NNILiM88tlZknClLwBA8wHiX5NAhP/tOIcgwacXRwLs root@ubuntu-bionic (DSA)
<14>Oct 27 23:56:03 cloud-init: 256 SHA256:SC3GDQEhyY1LWCDzztbdLNWVS7LYVO44dnQbN8tWlKE root@ubuntu-bionic (ECDSA)
<14>Oct 27 23:56:03 cloud-init: 256 SHA256:uGr+AzTyEE9nBphH6yuNI9Ud9PxikZCjZIfaoU4cL6I root@ubuntu-bionic (ED25519)
<14>Oct 27 23:56:03 cloud-init: 2048 SHA256:v8/vc6VYonE382O7o/NOBvem+YVwbgNHFJShHnsogMs root@ubuntu-bionic (RSA)
<14>Oct 27 23:56:03 cloud-init: -----END SSH HOST KEY FINGERPRINTS-----
<14>Oct 27 23:56:03 cloud-init: #############################################################
-----BEGIN SSH HOST KEY KEYS-----
ecdsa-sha2-nistp256 AAAAE2VjZHNhLXNoYTItbmlzdHAyNTYAAAAIbmlzdHAyNTYAAABBBPo0DjoRpPkiONOZ4VAuCuSaG8+gQa6eZDMqqDUxhc3gGkNNUMsPCcWt5g71MMxL+zf9/FlbnvfRfM5vKuvfmKw= root@ubuntu-bionic
ssh-ed25519 AAAAC3NzaC1lZDI1NTE5AAAAIC3P8SVpKZ9Wft8bHz8dS5u/t8L9XDQ+sqSjucBN36e8 root@ubuntu-bionic
ssh-rsa AAAAB3NzaC1yc2EAAAADAQABAAABAQDGXbEeENHBmev0hBZK91B20Ir2A+Rt6+jadfvswmoZk5w69uGO3Ufqb4NtZ/i2JZec3ozRsdOUht2vJLsdN0T2VDaV0Z31//PDz9Rj/0r7Uu+18Vbk0/PvIQhX1jzw4TyeKFzCiIp+8CjErm6OR4vr/evNvKSj53qFYfbJ5XR1XTL6p/Fp/HKfJMRlOo1UPsyMYze6tSP953cNie07XrYmNi23gFY/FBI8qy5KOPIAYoHd5+6JcNteCT8/pKRNW3XBPbxGPpMFo/pB6Rjaw8x86jHyZXTXyiUa0vYA1lDgPGoK9UC2gxqcmRSXD7RwDN9JzHJFemDvNy+PdyPTJOWv root@ubuntu-bionic
-----END SSH HOST KEY KEYS-----
[[0;32m  OK  [0m] Started User Manager for UID 1000.
[   16.741389] cloud-init[1781]: Cloud-init v. 22.2-0ubuntu1~18.04.3 running 'modules:final' at Thu, 27 Oct 2022 23:56:03 +0000. Up 16.49 seconds.
[   16.752241] cloud-init[1781]: Cloud-init v. 22.2-0ubuntu1~18.04.3 finished at Thu, 27 Oct 2022 23:56:03 +0000. Datasource DataSourceNoCloud [seed=/dev/sdb][dsmode=net].  Up 16.72 seconds
[[0;32m  OK  [0m] Started Execute cloud user/final scripts.

Ubuntu 18.04.6 LTS ubuntu-bionic ttyS0

ubuntu-bionic login: 